// Jest Snapshot v1, https://goo.gl/fbAQLP

exports[`Pruebas en <GifGridItem /> debe mostrar el componente correctamente  1`] = `
<div
  className="card animate_animated animate_fadeIn"
>
  <img
    alt="Test"
    src="https://localhost/algo.jpg"
  />
  <p>
     
    Test
     
  </p>
</div>
`;
